{"common":{"diff":"nested","children":{"follow":{"diff":"added","value":false},"setting1":{"diff":"unchenged","value":"Value 1"},"setting2":{"diff":"deleted","value":200},"setting3":{"diff":"chenged","valueOne":true,"valueTwo":null},"setting4":{"diff":"added","value":"blah blah"},"setting5":{"diff":"added","value":{"key5":"value5"}},"setting6":{"diff":"nested","children":{"doge":{"diff":"nested","children":{"wow":{"diff":"chenged","valueOne":"","valueTwo":"so much"}}},"key":{"diff":"unchenged","value":"value"},"ops":{"diff":"added","value":"vops"}}}}},"group1":{"diff":"nested","children":{"baz":{"diff":"chenged","valueOne":"bas","valueTwo":"bars"},"foo":{"diff":"unchenged","value":"bar"},"nest":{"diff":"chenged","valueOne":{"key":"value"},"valueTwo":"str"}}},"group2":{"diff":"deleted","value":{"abc":12345,"deep":{"id":45}}},"group3":{"diff":"added","value":{"deep":{"id":{"number":45}},"fee":100500}}}
